perf_idle data_dir=/home/tester/bellman/.train-worktrees/2026-07-28_0005/docs/qa4-evidence/perf-idle/run-data
window_secs=600
timer id=909c9042-ddbb-4105-bff7-ef3196afb905 next=Some("2026-07-28T13:00:30.809305993+00:00")
running… pid=887356 rss_start_kb=6956 sample_every=30s
sample t=30.0s rss_kb=6968
sample t=60.1s rss_kb=6980
sample t=90.1s rss_kb=6992
sample t=120.1s rss_kb=7012
sample t=150.1s rss_kb=7024
sample t=180.1s rss_kb=7032
sample t=210.1s rss_kb=7048
sample t=240.1s rss_kb=7056
sample t=270.1s rss_kb=7088
sample t=300.1s rss_kb=7092
sample t=330.1s rss_kb=7096
sample t=360.1s rss_kb=7112
sample t=390.2s rss_kb=7124
sample t=420.2s rss_kb=7136
sample t=450.2s rss_kb=7152
sample t=480.2s rss_kb=7164
sample t=510.2s rss_kb=7176
sample t=540.2s rss_kb=7188
sample t=570.2s rss_kb=7204
copied evidence to /home/tester/bellman/.train-worktrees/2026-07-28_0005/docs/qa4-evidence/perf-idle
--- RESULT ---
rss_median_kib=7092  rss_min_kib=6956  rss_max_kib=7208
cpu_pct=0.0933  (jiffies=56, hz=100)
fires=1200  wall_min=10.000  wakeups_per_min=120.00
event_log=/home/tester/bellman/.train-worktrees/2026-07-28_0005/docs/qa4-evidence/perf-idle/run-data/logs/events.current.jsonl
report=/home/tester/bellman/.train-worktrees/2026-07-28_0005/docs/qa4-evidence/perf-idle/run-data/perf_idle_report.json
{
  "clk_tck": 100,
  "cpu_jiffies": 56,
  "cpu_pct_over_window": 0.09333332455766749,
  "data_dir": "/home/tester/bellman/.train-worktrees/2026-07-28_0005/docs/qa4-evidence/perf-idle/run-data",
  "event_lines_skipped": 0,
  "event_lines_total": 1201,
  "event_log_path": "/home/tester/bellman/.train-worktrees/2026-07-28_0005/docs/qa4-evidence/perf-idle/run-data/logs/events.current.jsonl",
  "fired_or_delivered_count": 1200,
  "host": "Linux sami-System-Product-Name 7.0.0-28-generic #28~24.04.1-Ubuntu SMP PREEMPT_DYNAMIC Wed Jul  1 15:50:57 UTC 2 x86_64 x86_64 x86_64 GNU/Linux",
  "measured_at": "2026-07-28T13:10:29.815137511+00:00",
  "method": "engine-only SystemClock + ActionRunner + EventLog; one 1s interval Action::None",
  "pid": 887356,
  "rss_end_kb": 7208,
  "rss_max_kb": 7208,
  "rss_median_kb": 7092,
  "rss_min_kb": 6956,
  "rss_samples_kb": [
    6956,
    6968,
    6980,
    6992,
    7012,
    7024,
    7032,
    7048,
    7056,
    7088,
    7092,
    7096,
    7112,
    7124,
    7136,
    7152,
    7164,
    7176,
    7188,
    7204,
    7208
  ],
  "rss_start_kb": 6956,
  "wakeups_per_min": 119.99998871700106,
  "wall_elapsed_secs": 600.000056415,
  "window_secs_requested": 600
}
