engine pids: {
  "WebKitWebProcess": [
    "709048  709014 187880 /usr/lib/x86_64-linux-gnu/webkit2gtk-4.1/WebKitWebProcess 4 50"
  ],
  "WebKitNetworkProcess": [
    "709033  709014 49464 /usr/lib/x86_64-linux-gnu/webkit2gtk-4.1/WebKitNetworkProcess 1 21"
  ],
  "bellman": [
    "709014  708975 190148 /home/sami/bellman/.train-worktrees/2026-07-27_0012/target/release/bellman"
  ]
}
userAgent: Mozilla/5.0 (X11; Ubuntu; Linux x86_64) AppleWebKit/605.1.15 (KHTML, like Gecko) Version/60.5 Safari/605.1.15
  captured p4b-all-empty.png (960, 640) bytes=20139 mean=25.85 stdev=5.65 colors~2018

== DST gap warning dialog ==
  select_kind 'once' via keyboard (idx=0) combo_name='Occurrence kind'
    field 'Name' -> 'qa-dst-gap' (want 'qa-dst-gap')
    field 'Timezone' -> 'Europe/Helsinki' (want 'Europe/Helsinki')
    field 'When' -> '2027-03-28T03:30:00' (want '2027-03-28T03:30:00')
  captured p4b-dialog-dst-gap.png (960, 640) bytes=53838 mean=24.72 stdev=14.13 colors~5287

== CREATE qa-once (once) ==
  select_kind 'once' via keyboard (idx=0) combo_name='Occurrence kind'
    field 'Name' -> 'qa-once' (want 'qa-once')
    field 'Timezone' -> 'Europe/Helsinki' (want 'Europe/Helsinki')
    field 'When' -> '2027-03-28T03:30:00' (want '2027-03-28T03:30:00')
  captured p4b-dialog-once-dialog.png (960, 640) bytes=56552 mean=24.98 stdev=13.93 colors~5659
  store names after create: ['qa-dst-gap', 'qa-once']

== CREATE qa-interval (interval) ==
  select_kind 'interval' via keyboard (idx=1) combo_name='Occurrence kind'
    field 'Name' -> 'qa-interval' (want 'qa-interval')
    field 'Every' -> '120' (want '120')
  store names after create: ['qa-dst-gap', 'qa-interval', 'qa-once']

== CREATE qa-daily (daily) ==
  select_kind 'daily' via keyboard (idx=2) combo_name='Occurrence kind'
    field 'Name' -> 'qa-daily' (want 'qa-daily')
    field 'Timezone' -> 'Europe/Helsinki' (want 'Europe/Helsinki')
    field 'Wall-clock' -> '08:15:00' (want '08:15:00')
  store names after create: ['qa-daily', 'qa-dst-gap', 'qa-interval', 'qa-once']

== CREATE qa-weekly (weekly) ==
  select_kind 'weekly' via keyboard (idx=3) combo_name='Occurrence kind'
    field 'Name' -> 'qa-weekly' (want 'qa-weekly')
    field 'Timezone' -> 'Europe/Helsinki' (want 'Europe/Helsinki')
    field 'Wall-clock' -> '08:00:00' (want '08:00:00')
    field 'Weekdays' -> 'mon,wed,fri' (want 'mon,wed,fri')
  captured p4b-dialog-weekly-dialog.png (960, 640) bytes=78356 mean=27.11 stdev=14.29 colors~5845
  store names after create: ['qa-daily', 'qa-dst-gap', 'qa-interval', 'qa-once', 'qa-weekly']

== CREATE qa-monthly (monthly) ==
  select_kind 'monthly' via keyboard (idx=4) combo_name='Occurrence kind'
    field 'Name' -> 'qa-monthly' (want 'qa-monthly')
    field 'Timezone' -> 'Europe/Helsinki' (want 'Europe/Helsinki')
    field 'Wall-clock' -> '10:00:00' (want '10:00:00')
    field 'Day of month' -> '15' (want '15')
  store names after create: ['qa-daily', 'qa-dst-gap', 'qa-interval', 'qa-monthly', 'qa-once', 'qa-weekly']

== CREATE qa-yearly (yearly) ==
  select_kind 'yearly' via keyboard (idx=5) combo_name='Occurrence kind'
    field 'Name' -> 'qa-yearly' (want 'qa-yearly')
    field 'Timezone' -> 'Europe/Helsinki' (want 'Europe/Helsinki')
    field 'Wall-clock' -> '12:00:00' (want '12:00:00')
    field 'Month (1' -> '7' (want '7')
    field 'Day of month' -> '28' (want '28')
  store names after create: ['qa-daily', 'qa-dst-gap', 'qa-interval', 'qa-monthly', 'qa-once', 'qa-weekly', 'qa-yearly']

== CREATE qa-cron (cron) ==
  select_kind 'cron' via keyboard (idx=6) combo_name='Occurrence kind'
    field 'Name' -> 'qa-cron' (want 'qa-cron')
    field 'Timezone' -> 'Europe/Helsinki' (want 'Europe/Helsinki')
    field 'Cron' -> '0 9 * * 1-5' (want '0 9 * * 1-5')
  store names after create: ['qa-cron', 'qa-daily', 'qa-dst-gap', 'qa-interval', 'qa-monthly', 'qa-once', 'qa-weekly', 'qa-yearly']
  captured p4b-all.png (960, 640) bytes=97035 mean=37.52 stdev=16.28 colors~6474
  captured p4b-week.png (960, 640) bytes=37531 mean=31.25 stdev=8.52 colors~2837
  captured p4b-month.png (960, 640) bytes=67078 mean=35.93 stdev=9.66 colors~3515

== RUN NOW for JSONL evidence ==
  Run now clicked for row0 name='qa-cron'
  Run now clicked for row1
  event log lines after Run now: 4
  captured p4b-history.png (960, 640) bytes=39761 mean=27.25 stdev=7.77 colors~3121

== PREVIEW vs CLI (qa-weekly) ==
  open_edit attempt=0 n_edit=8 store=['qa-cron', 'qa-daily', 'qa-dst-gap', 'qa-interval', 'qa-monthly', 'qa-once', 'qa-weekly', 'qa-yearly']
  try Edit[0] title='Edit "qa-cron"' want='qa-weekly'
  try Edit[1] title='Edit "qa-daily"' want='qa-weekly'
  try Edit[2] title='Edit "qa-dst-gap"' want='qa-weekly'
  try Edit[3] title='Edit "qa-interval"' want='qa-weekly'
  try Edit[4] title='Edit "qa-monthly"' want='qa-weekly'
  try Edit[5] title='Edit "qa-once"' want='qa-weekly'
  try Edit[6] title='Edit "qa-weekly"' want='qa-weekly'
  captured p4b-dialog-preview-weekly.png (960, 640) bytes=89171 mean=27.91 stdev=13.9 colors~6193
  captured p4b-dialog-layout-fixed.png (960, 640) bytes=89171 mean=27.91 stdev=13.9 colors~6193
cli next:
 next fires for "qa-weekly" (0bb73927-d91b-4d63-928c-21b4671fd2b5):
  1: 2026-07-29T05:00:00+00:00
  2: 2026-07-31T05:00:00+00:00
  3: 2026-08-03T05:00:00+00:00
  4: 2026-08-05T05:00:00+00:00
  5: 2026-08-07T05:00:00+00:00


== EDIT qa-once ==
  open_edit attempt=0 n_edit=8 store=['qa-cron', 'qa-daily', 'qa-dst-gap', 'qa-interval', 'qa-monthly', 'qa-once', 'qa-weekly', 'qa-yearly']
  try Edit[0] title='Edit "qa-cron"' want='qa-once'
  try Edit[1] title='Edit "qa-daily"' want='qa-once'
  try Edit[2] title='Edit "qa-dst-gap"' want='qa-once'
  try Edit[3] title='Edit "qa-interval"' want='qa-once'
  try Edit[4] title='Edit "qa-monthly"' want='qa-once'
  try Edit[5] title='Edit "qa-once"' want='qa-once'
    field 'Name' -> 'qa-once-edited' (want 'qa-once-edited')
  clicked Save

== EDIT qa-interval ==
  open_edit attempt=0 n_edit=8 store=['qa-cron', 'qa-daily', 'qa-dst-gap', 'qa-interval', 'qa-monthly', 'qa-once-edited', 'qa-weekly', 'qa-yearly']
  try Edit[0] title='Edit "qa-cron"' want='qa-interval'
  try Edit[1] title='Edit "qa-daily"' want='qa-interval'
  try Edit[2] title='Edit "qa-dst-gap"' want='qa-interval'
  try Edit[3] title='Edit "qa-interval"' want='qa-interval'
    field 'Every' -> '180' (want '180')
  clicked Save

== EDIT qa-daily ==
  open_edit attempt=0 n_edit=8 store=['qa-cron', 'qa-daily', 'qa-dst-gap', 'qa-interval', 'qa-monthly', 'qa-once-edited', 'qa-weekly', 'qa-yearly']
  try Edit[0] title='Edit "qa-cron"' want='qa-daily'
  try Edit[1] title='Edit "qa-daily"' want='qa-daily'
    field 'Wall-clock' -> '09:15:00' (want '09:15:00')
  clicked Save

== EDIT qa-weekly ==
  open_edit attempt=0 n_edit=8 store=['qa-cron', 'qa-daily', 'qa-dst-gap', 'qa-interval', 'qa-monthly', 'qa-once-edited', 'qa-weekly', 'qa-yearly']
  try Edit[0] title='Edit "qa-cron"' want='qa-weekly'
  try Edit[1] title='Edit "qa-daily"' want='qa-weekly'
  try Edit[2] title='Edit "qa-dst-gap"' want='qa-weekly'
  try Edit[3] title='Edit "qa-interval"' want='qa-weekly'
  try Edit[4] title='Edit "qa-monthly"' want='qa-weekly'
  try Edit[5] title='Edit "qa-once-edited"' want='qa-weekly'
  try Edit[6] title='Edit "qa-weekly"' want='qa-weekly'
    field 'Weekdays' -> 'tue,thu' (want 'tue,thu')
  clicked Save

== EDIT qa-monthly ==
  open_edit attempt=0 n_edit=8 store=['qa-cron', 'qa-daily', 'qa-dst-gap', 'qa-interval', 'qa-monthly', 'qa-once-edited', 'qa-weekly', 'qa-yearly']
  try Edit[0] title='Edit "qa-cron"' want='qa-monthly'
  try Edit[1] title='Edit "qa-daily"' want='qa-monthly'
  try Edit[2] title='Edit "qa-dst-gap"' want='qa-monthly'
  try Edit[3] title='Edit "qa-interval"' want='qa-monthly'
  try Edit[4] title='Edit "qa-monthly"' want='qa-monthly'
    field 'Day of month' -> '20' (want '20')
  clicked Save

== EDIT qa-yearly ==
  open_edit attempt=0 n_edit=8 store=['qa-cron', 'qa-daily', 'qa-dst-gap', 'qa-interval', 'qa-monthly', 'qa-once-edited', 'qa-weekly', 'qa-yearly']
  try Edit[0] title='Edit "qa-cron"' want='qa-yearly'
  try Edit[1] title='Edit "qa-daily"' want='qa-yearly'
  try Edit[2] title='Edit "qa-dst-gap"' want='qa-yearly'
  try Edit[3] title='Edit "qa-interval"' want='qa-yearly'
  try Edit[4] title='Edit "qa-monthly"' want='qa-yearly'
  try Edit[5] title='Edit "qa-once-edited"' want='qa-yearly'
  try Edit[6] title='Edit "qa-weekly"' want='qa-yearly'
  try Edit[7] title='Edit "qa-yearly"' want='qa-yearly'
    field 'Month (1' -> '12' (want '12')
  clicked Save

== EDIT qa-cron ==
  open_edit attempt=0 n_edit=8 store=['qa-cron', 'qa-daily', 'qa-dst-gap', 'qa-interval', 'qa-monthly', 'qa-once-edited', 'qa-weekly', 'qa-yearly']
  try Edit[0] title='Edit "qa-cron"' want='qa-cron'
    field 'Cron' -> '30 9 * * 1-5' (want '30 9 * * 1-5')
  clicked Save
  captured p4b-all-after-edit.png (960, 640) bytes=100237 mean=37.96 stdev=16.36 colors~6686
deleting ['qa-cron', 'qa-daily', 'qa-dst-gap', 'qa-interval', 'qa-monthly', 'qa-once-edited', 'qa-weekly', 'qa-yearly']

== DELETE qa-cron ==
  open_edit attempt=0 n_edit=8 store=['qa-cron', 'qa-daily', 'qa-dst-gap', 'qa-interval', 'qa-monthly', 'qa-once-edited', 'qa-weekly', 'qa-yearly']
  try Edit[0] title='Edit "qa-cron"' want='qa-cron'
  clicked Confirm delete
  store after delete: ['qa-daily', 'qa-dst-gap', 'qa-interval', 'qa-monthly', 'qa-once-edited', 'qa-weekly', 'qa-yearly']
  DELETE OK qa-cron

== DELETE qa-daily ==
  open_edit attempt=0 n_edit=7 store=['qa-daily', 'qa-dst-gap', 'qa-interval', 'qa-monthly', 'qa-once-edited', 'qa-weekly', 'qa-yearly']
  try Edit[0] title='Edit "qa-daily"' want='qa-daily'
  clicked Confirm delete
  store after delete: ['qa-dst-gap', 'qa-interval', 'qa-monthly', 'qa-once-edited', 'qa-weekly', 'qa-yearly']
  DELETE OK qa-daily

== DELETE qa-dst-gap ==
  open_edit attempt=0 n_edit=6 store=['qa-dst-gap', 'qa-interval', 'qa-monthly', 'qa-once-edited', 'qa-weekly', 'qa-yearly']
  try Edit[0] title='Edit "qa-dst-gap"' want='qa-dst-gap'
  clicked Confirm delete
  store after delete: ['qa-interval', 'qa-monthly', 'qa-once-edited', 'qa-weekly', 'qa-yearly']
  DELETE OK qa-dst-gap

== DELETE qa-interval ==
  open_edit attempt=0 n_edit=5 store=['qa-interval', 'qa-monthly', 'qa-once-edited', 'qa-weekly', 'qa-yearly']
  try Edit[0] title='Edit "qa-interval"' want='qa-interval'
  clicked Confirm delete
  store after delete: ['qa-monthly', 'qa-once-edited', 'qa-weekly', 'qa-yearly']
  DELETE OK qa-interval

== DELETE qa-monthly ==
  open_edit attempt=0 n_edit=4 store=['qa-monthly', 'qa-once-edited', 'qa-weekly', 'qa-yearly']
  try Edit[0] title='Edit "qa-monthly"' want='qa-monthly'
  clicked Confirm delete
  store after delete: ['qa-once-edited', 'qa-weekly', 'qa-yearly']
  DELETE OK qa-monthly

== DELETE qa-once-edited ==
  open_edit attempt=0 n_edit=3 store=['qa-once-edited', 'qa-weekly', 'qa-yearly']
  try Edit[0] title='Edit "qa-once-edited"' want='qa-once-edited'
  clicked Confirm delete
  store after delete: ['qa-weekly', 'qa-yearly']
  DELETE OK qa-once-edited

== DELETE qa-weekly ==
  open_edit attempt=0 n_edit=2 store=['qa-weekly', 'qa-yearly']
  try Edit[0] title='Edit "qa-weekly"' want='qa-weekly'
  clicked Confirm delete
  store after delete: ['qa-yearly']
  DELETE OK qa-weekly

== DELETE qa-yearly ==
  open_edit attempt=0 n_edit=1 store=['qa-yearly']
  try Edit[0] title='Edit "qa-yearly"' want='qa-yearly'
  clicked Confirm delete
  store after delete: []
  DELETE OK qa-yearly
  captured p4b-all-after-delete.png (960, 900) bytes=24420 mean=25.53 stdev=4.9 colors~2315

== layout at 1280x800 ==

== CREATE qa-daily (daily) ==
  select_kind 'daily' via keyboard (idx=2) combo_name='Occurrence kind'
    field 'Name' -> 'qa-daily' (want 'qa-daily')
    field 'Timezone' -> 'Europe/Helsinki' (want 'Europe/Helsinki')
    field 'Wall-clock' -> '08:15:00' (want '08:15:00')
  store names after create: ['qa-daily']

== CREATE qa-weekly (weekly) ==
  select_kind 'weekly' via keyboard (idx=3) combo_name='Occurrence kind'
    field 'Name' -> 'qa-weekly' (want 'qa-weekly')
    field 'Timezone' -> 'Europe/Helsinki' (want 'Europe/Helsinki')
    field 'Wall-clock' -> '08:00:00' (want '08:00:00')
    field 'Weekdays' -> 'mon,wed,fri' (want 'mon,wed,fri')
  store names after create: ['qa-daily', 'qa-weekly']
  captured p4b-all-1280x800.png (1280, 800) bytes=41526 mean=27.56 stdev=8.26 colors~4440
  captured p4b-week-1280x800.png (1280, 800) bytes=43820 mean=28.86 stdev=6.8 colors~3317
  captured p4b-month-1280x800.png (1280, 800) bytes=67316 mean=32.98 stdev=7.82 colors~3153
  captured p4b-history-1280x800.png (1280, 800) bytes=38723 mean=26.09 stdev=5.51 colors~2849
  open_edit attempt=0 n_edit=2 store=['qa-daily', 'qa-weekly']
  try Edit[0] title='Edit "qa-daily"' want='qa-weekly'
  try Edit[1] title='Edit "qa-weekly"' want='qa-weekly'
  captured p4b-dialog-1280x800.png (1280, 800) bytes=90889 mean=21.12 stdev=13.16 colors~7206

DONE {
  "display": ":0",
  "data_dir": "/tmp/qa-p4b-session/share/io.bellman.desktop",
  "cli_bin": "/tmp/bellman-cli-schema3",
  "screenshots": [
    "p4b-all-1280x800.png",
    "p4b-all-after-delete.png",
    "p4b-all-after-edit.png",
    "p4b-all-empty.png",
    "p4b-all.png",
    "p4b-dialog-1280x800.png",
    "p4b-dialog-dst-gap.png",
    "p4b-dialog-layout-fixed.png",
    "p4b-dialog-once-dialog.png",
    "p4b-dialog-preview-weekly.png",
    "p4b-dialog-weekly-dialog.png",
    "p4b-history-1280x800.png",
    "p4b-history.png",
    "p4b-month-1280x800.png",
    "p4b-month.png",
    "p4b-week-1280x800.png",
    "p4b-week.png"
  ],
  "meta_json": [
    "p4b-all-1280x800.meta.json",
    "p4b-all-after-delete.meta.json",
    "p4b-all-after-edit.meta.json",
    "p4b-all-empty.meta.json",
    "p4b-all.meta.json",
    "p4b-dialog-1280x800.meta.json",
    "p4b-dialog-dst-gap.meta.json",
    "p4b-dialog-layout-fixed.meta.json",
    "p4b-dialog-once-dialog.meta.json",
    "p4b-dialog-preview-weekly.meta.json",
    "p4b-dialog-weekly-dialog.meta.json",
    "p4b-history-1280x800.meta.json",
    "p4b-history.meta.json",
    "p4b-month-1280x800.meta.json",
    "p4b-month.meta.json",
    "p4b-week-1280x800.meta.json",
    "p4b-week.meta.json"
  ],
  "timers_final": [
    "qa-daily",
    "qa-weekly"
  ],
  "webkit": {
    "WebKitWebProcess": [
      "709048  709014 236224 /usr/lib/x86_64-linux-gnu/webkit2gtk-4.1/WebKitWebProcess 4 50"
    ],
    "WebKitNetworkProcess": [
      "709033  709014 49784 /usr/lib/x86_64-linux-gnu/webkit2gtk-4.1/WebKitNetworkProcess 1 21"
    ],
    "bellman": [
      "709014  708975 196344 /home/sami/bellman/.train-worktrees/2026-07-27_0012/target/release/bellman"
    ]
  },
  "userAgent": "Mozilla/5.0 (X11; Ubuntu; Linux x86_64) AppleWebKit/605.1.15 (KHTML, like Gecko) Version/60.5 Safari/605.1.15",
  "event_log_lines": 4,
  "delete_failures": []
}
